2025/09/30 13:51:00 starting service name=datadog-integration-test env=test app=demo ver=0.1.0 port=8093 exporter=grpc metrics_endpoint=https://otlp.datadoghq.eu:443 export_int=2s export_timeout=10s work_latency_ms=[50,300] error_rate=10% datadog_enabled=true
2025/09/30 13:51:00 sample metric service listening on :8093 (exporting to https://otlp.datadoghq.eu:443)
2025/09/30 13:51:03 failed to upload metrics: rpc error: code = Unimplemented desc = unexpected HTTP status code received from server: 404 (Not Found); transport: received unexpected content-type "text/html"
2025/09/30 13:51:04 failed to upload metrics: rpc error: code = Unimplemented desc = unexpected HTTP status code received from server: 404 (Not Found); transport: received unexpected content-type "text/html"
2025/09/30 13:51:06 failed to upload metrics: rpc error: code = Unimplemented desc = unexpected HTTP status code received from server: 404 (Not Found); transport: received unexpected content-type "text/html"
2025/09/30 13:51:08 failed to upload metrics: rpc error: code = Unimplemented desc = unexpected HTTP status code received from server: 404 (Not Found); transport: received unexpected content-type "text/html"
2025/09/30 13:51:10 failed to upload metrics: rpc error: code = Unimplemented desc = unexpected HTTP status code received from server: 404 (Not Found); transport: received unexpected content-type "text/html"
2025/09/30 13:51:12 failed to upload metrics: rpc error: code = Unimplemented desc = unexpected HTTP status code received from server: 404 (Not Found); transport: received unexpected content-type "text/html"
2025/09/30 13:51:14 failed to upload metrics: rpc error: code = Unimplemented desc = unexpected HTTP status code received from server: 404 (Not Found); transport: received unexpected content-type "text/html"
2025/09/30 13:51:16 failed to upload metrics: rpc error: code = Unimplemented desc = unexpected HTTP status code received from server: 404 (Not Found); transport: received unexpected content-type "text/html"
2025/09/30 13:51:18 failed to upload metrics: rpc error: code = Unimplemented desc = unexpected HTTP status code received from server: 404 (Not Found); transport: received unexpected content-type "text/html"
2025/09/30 13:51:20 failed to upload metrics: rpc error: code = Unimplemented desc = unexpected HTTP status code received from server: 404 (Not Found); transport: received unexpected content-type "text/html"
2025/09/30 13:51:22 failed to upload metrics: rpc error: code = Unimplemented desc = unexpected HTTP status code received from server: 404 (Not Found); transport: received unexpected content-type "text/html"
2025/09/30 13:51:24 failed to upload metrics: rpc error: code = Unimplemented desc = unexpected HTTP status code received from server: 404 (Not Found); transport: received unexpected content-type "text/html"
2025/09/30 13:51:26 failed to upload metrics: rpc error: code = Unimplemented desc = unexpected HTTP status code received from server: 404 (Not Found); transport: received unexpected content-type "text/html"
2025/09/30 13:51:28 failed to upload metrics: rpc error: code = Unimplemented desc = unexpected HTTP status code received from server: 404 (Not Found); transport: received unexpected content-type "text/html"
2025/09/30 13:51:30 failed to upload metrics: rpc error: code = Unimplemented desc = unexpected HTTP status code received from server: 404 (Not Found); transport: received unexpected content-type "text/html"
2025/09/30 13:51:32 failed to upload metrics: rpc error: code = Unimplemented desc = unexpected HTTP status code received from server: 404 (Not Found); transport: received unexpected content-type "text/html"
2025/09/30 13:51:34 failed to upload metrics: rpc error: code = Unimplemented desc = unexpected HTTP status code received from server: 404 (Not Found); transport: received unexpected content-type "text/html"
2025/09/30 13:51:36 failed to upload metrics: rpc error: code = Unimplemented desc = unexpected HTTP status code received from server: 404 (Not Found); transport: received unexpected content-type "text/html"
2025/09/30 13:51:38 failed to upload metrics: rpc error: code = Unimplemented desc = unexpected HTTP status code received from server: 404 (Not Found); transport: received unexpected content-type "text/html"
2025/09/30 13:51:40 failed to upload metrics: rpc error: code = Unimplemented desc = unexpected HTTP status code received from server: 404 (Not Found); transport: received unexpected content-type "text/html"
2025/09/30 13:51:42 failed to upload metrics: rpc error: code = Unimplemented desc = unexpected HTTP status code received from server: 404 (Not Found); transport: received unexpected content-type "text/html"
2025/09/30 13:51:44 failed to upload metrics: rpc error: code = Unimplemented desc = unexpected HTTP status code received from server: 404 (Not Found); transport: received unexpected content-type "text/html"
2025/09/30 13:51:46 failed to upload metrics: rpc error: code = Unimplemented desc = unexpected HTTP status code received from server: 404 (Not Found); transport: received unexpected content-type "text/html"
2025/09/30 13:51:48 failed to upload metrics: rpc error: code = Unimplemented desc = unexpected HTTP status code received from server: 404 (Not Found); transport: received unexpected content-type "text/html"
2025/09/30 13:51:50 failed to upload metrics: rpc error: code = Unimplemented desc = unexpected HTTP status code received from server: 404 (Not Found); transport: received unexpected content-type "text/html"
2025/09/30 13:51:52 failed to upload metrics: rpc error: code = Unimplemented desc = unexpected HTTP status code received from server: 404 (Not Found); transport: received unexpected content-type "text/html"
2025/09/30 13:51:54 failed to upload metrics: rpc error: code = Unimplemented desc = unexpected HTTP status code received from server: 404 (Not Found); transport: received unexpected content-type "text/html"
2025/09/30 13:51:56 failed to upload metrics: rpc error: code = Unimplemented desc = unexpected HTTP status code received from server: 404 (Not Found); transport: received unexpected content-type "text/html"
2025/09/30 13:51:58 failed to upload metrics: rpc error: code = Unimplemented desc = unexpected HTTP status code received from server: 404 (Not Found); transport: received unexpected content-type "text/html"
2025/09/30 13:52:00 failed to upload metrics: rpc error: code = Unimplemented desc = unexpected HTTP status code received from server: 404 (Not Found); transport: received unexpected content-type "text/html"
2025/09/30 13:52:02 failed to upload metrics: rpc error: code = Unimplemented desc = unexpected HTTP status code received from server: 404 (Not Found); transport: received unexpected content-type "text/html"
2025/09/30 13:52:04 failed to upload metrics: rpc error: code = Unimplemented desc = unexpected HTTP status code received from server: 404 (Not Found); transport: received unexpected content-type "text/html"
2025/09/30 13:52:06 failed to upload metrics: rpc error: code = Unimplemented desc = unexpected HTTP status code received from server: 404 (Not Found); transport: received unexpected content-type "text/html"
2025/09/30 13:52:08 failed to upload metrics: rpc error: code = Unimplemented desc = unexpected HTTP status code received from server: 404 (Not Found); transport: received unexpected content-type "text/html"
2025/09/30 13:52:10 failed to upload metrics: rpc error: code = Unimplemented desc = unexpected HTTP status code received from server: 404 (Not Found); transport: received unexpected content-type "text/html"
2025/09/30 13:52:12 failed to upload metrics: rpc error: code = Unimplemented desc = unexpected HTTP status code received from server: 404 (Not Found); transport: received unexpected content-type "text/html"
2025/09/30 13:52:14 failed to upload metrics: rpc error: code = Unimplemented desc = unexpected HTTP status code received from server: 404 (Not Found); transport: received unexpected content-type "text/html"
2025/09/30 13:52:16 failed to upload metrics: rpc error: code = Unimplemented desc = unexpected HTTP status code received from server: 404 (Not Found); transport: received unexpected content-type "text/html"
2025/09/30 13:52:18 failed to upload metrics: rpc error: code = Unimplemented desc = unexpected HTTP status code received from server: 404 (Not Found); transport: received unexpected content-type "text/html"
2025/09/30 13:52:20 failed to upload metrics: rpc error: code = Unimplemented desc = unexpected HTTP status code received from server: 404 (Not Found); transport: received unexpected content-type "text/html"
2025/09/30 13:52:22 failed to upload metrics: rpc error: code = Unimplemented desc = unexpected HTTP status code received from server: 404 (Not Found); transport: received unexpected content-type "text/html"
2025/09/30 13:52:24 failed to upload metrics: rpc error: code = Unimplemented desc = unexpected HTTP status code received from server: 404 (Not Found); transport: received unexpected content-type "text/html"
2025/09/30 13:52:26 failed to upload metrics: rpc error: code = Unimplemented desc = unexpected HTTP status code received from server: 404 (Not Found); transport: received unexpected content-type "text/html"
2025/09/30 13:52:28 failed to upload metrics: rpc error: code = Unimplemented desc = unexpected HTTP status code received from server: 404 (Not Found); transport: received unexpected content-type "text/html"
2025/09/30 13:52:30 failed to upload metrics: rpc error: code = Unimplemented desc = unexpected HTTP status code received from server: 404 (Not Found); transport: received unexpected content-type "text/html"
2025/09/30 13:52:32 failed to upload metrics: rpc error: code = Unimplemented desc = unexpected HTTP status code received from server: 404 (Not Found); transport: received unexpected content-type "text/html"
2025/09/30 13:52:34 failed to upload metrics: rpc error: code = Unimplemented desc = unexpected HTTP status code received from server: 404 (Not Found); transport: received unexpected content-type "text/html"
2025/09/30 13:52:36 failed to upload metrics: rpc error: code = Unimplemented desc = unexpected HTTP status code received from server: 404 (Not Found); transport: received unexpected content-type "text/html"
2025/09/30 13:52:38 failed to upload metrics: rpc error: code = Unimplemented desc = unexpected HTTP status code received from server: 404 (Not Found); transport: received unexpected content-type "text/html"
2025/09/30 13:52:40 failed to upload metrics: rpc error: code = Unimplemented desc = unexpected HTTP status code received from server: 404 (Not Found); transport: received unexpected content-type "text/html"
2025/09/30 13:52:42 failed to upload metrics: rpc error: code = Unimplemented desc = unexpected HTTP status code received from server: 404 (Not Found); transport: received unexpected content-type "text/html"
2025/09/30 13:52:44 failed to upload metrics: rpc error: code = Unimplemented desc = unexpected HTTP status code received from server: 404 (Not Found); transport: received unexpected content-type "text/html"
2025/09/30 13:52:46 failed to upload metrics: rpc error: code = Unimplemented desc = unexpected HTTP status code received from server: 404 (Not Found); transport: received unexpected content-type "text/html"
2025/09/30 13:52:48 failed to upload metrics: rpc error: code = Unimplemented desc = unexpected HTTP status code received from server: 404 (Not Found); transport: received unexpected content-type "text/html"
2025/09/30 13:52:50 failed to upload metrics: rpc error: code = Unimplemented desc = unexpected HTTP status code received from server: 404 (Not Found); transport: received unexpected content-type "text/html"
2025/09/30 13:52:52 failed to upload metrics: rpc error: code = Unimplemented desc = unexpected HTTP status code received from server: 404 (Not Found); transport: received unexpected content-type "text/html"
2025/09/30 13:52:54 failed to upload metrics: rpc error: code = Unimplemented desc = unexpected HTTP status code received from server: 404 (Not Found); transport: received unexpected content-type "text/html"
2025/09/30 13:52:56 failed to upload metrics: rpc error: code = Unimplemented desc = unexpected HTTP status code received from server: 404 (Not Found); transport: received unexpected content-type "text/html"
2025/09/30 13:52:58 failed to upload metrics: rpc error: code = Unimplemented desc = unexpected HTTP status code received from server: 404 (Not Found); transport: received unexpected content-type "text/html"
2025/09/30 13:53:00 failed to upload metrics: rpc error: code = Unimplemented desc = unexpected HTTP status code received from server: 404 (Not Found); transport: received unexpected content-type "text/html"
2025/09/30 13:53:02 failed to upload metrics: rpc error: code = Unimplemented desc = unexpected HTTP status code received from server: 404 (Not Found); transport: received unexpected content-type "text/html"
